[2026-04-29T01:43:11.895Z] [SUCCESS] Server started | port=5000 env=development
[2026-04-29T01:43:17.168Z] [REQUEST] GET /api/users/profile | status=304 duration=114ms ip=::1
[2026-04-29T01:43:17.247Z] [REQUEST] GET /api/users/profile | status=304 duration=16ms ip=::1
[2026-04-29T01:43:17.300Z] [REQUEST] GET /api/users/settings | status=200 duration=202ms ip=::1
[2026-04-29T01:43:17.362Z] [REQUEST] GET /api/users/all | status=200 duration=252ms ip=::1
[2026-04-29T01:43:56.432Z] [REQUEST] PUT /api/users/profile | status=200 duration=72ms ip=::1
[2026-04-29T01:44:08.309Z] [REQUEST] PUT /api/users/profile | status=200 duration=70ms ip=::1
[2026-04-29T01:44:10.785Z] [REQUEST] GET /uploads/1-1777427048243.jpg | status=200 duration=14ms ip=::1
[2026-04-29T01:45:27.690Z] [REQUEST] GET /api/users/audit | status=200 duration=56ms ip=::1
[2026-04-29T01:52:09.240Z] [REQUEST] GET /api/users/settings | status=304 duration=70ms ip=::1
[2026-04-29T01:52:14.002Z] [SUCCESS] Server started | port=5000 env=development
[2026-04-29T01:52:14.434Z] [REQUEST] GET /api/users/profile | status=200 duration=195ms ip=::1
[2026-04-29T01:52:14.640Z] [REQUEST] GET /uploads/1-1777427048243.jpg | status=200 duration=9ms ip=::1
[2026-04-29T01:52:28.198Z] [WARN   ] 404 Not Found: GET /api/users/audit-logs? | ip=::1
[2026-04-29T01:52:28.199Z] [WARN   ] GET /api/users/audit-logs? | status=404 duration=2ms ip=::1
[2026-04-29T01:52:28.212Z] [WARN   ] 404 Not Found: GET /api/users/audit-logs? | ip=::1
[2026-04-29T01:52:28.214Z] [WARN   ] GET /api/users/audit-logs? | status=404 duration=2ms ip=::1
[2026-04-29T01:52:28.277Z] [REQUEST] GET /api/users/all | status=200 duration=82ms ip=::1
[2026-04-29T01:52:28.283Z] [REQUEST] GET /api/users/all | status=304 duration=3ms ip=::1
[2026-04-29T01:52:40.881Z] [WARN   ] 404 Not Found: GET /api/users/audit-logs?startDate=2026-04-29&endDate=2026-04-29&userId=1& | ip=::1
[2026-04-29T01:52:40.882Z] [WARN   ] GET /api/users/audit-logs?startDate=2026-04-29&endDate=2026-04-29&userId=1& | status=404 duration=2ms ip=::1
[2026-04-29T01:52:41.952Z] [WARN   ] 404 Not Found: GET /api/users/audit-logs | ip=::1
[2026-04-29T01:52:41.955Z] [WARN   ] GET /api/users/audit-logs | status=404 duration=3ms ip=::1
[2026-04-29T01:52:43.557Z] [WARN   ] 404 Not Found: GET /api/users/audit-logs? | ip=::1
[2026-04-29T01:52:43.558Z] [WARN   ] GET /api/users/audit-logs? | status=404 duration=1ms ip=::1
[2026-04-29T01:52:46.582Z] [WARN   ] 404 Not Found: GET /api/users/audit-logs? | ip=::1
[2026-04-29T01:52:46.584Z] [WARN   ] GET /api/users/audit-logs? | status=404 duration=3ms ip=::1
[2026-04-29T01:52:54.495Z] [WARN   ] 404 Not Found: GET /api/users/audit-logs?startDate=2026-04-01&endDate=2026-04-30& | ip=::1
[2026-04-29T01:52:54.496Z] [WARN   ] GET /api/users/audit-logs?startDate=2026-04-01&endDate=2026-04-30& | status=404 duration=1ms ip=::1
[2026-04-29T01:52:56.807Z] [WARN   ] 404 Not Found: GET /api/users/audit-logs?startDate=2026-04-01&endDate=2026-04-30&userId=1& | ip=::1
[2026-04-29T01:52:56.808Z] [WARN   ] GET /api/users/audit-logs?startDate=2026-04-01&endDate=2026-04-30&userId=1& | status=404 duration=2ms ip=::1
[2026-04-29T01:53:46.618Z] [SUCCESS] Server started | port=5000 env=development
[2026-04-29T01:54:19.218Z] [REQUEST] GET /api/users/audit-logs? | status=200 duration=94ms ip=::1
[2026-04-29T01:54:19.223Z] [REQUEST] GET /api/users/audit-logs? | status=304 duration=3ms ip=::1
[2026-04-29T01:54:19.224Z] [REQUEST] GET /api/users/all | status=304 duration=120ms ip=::1
[2026-04-29T01:54:19.228Z] [REQUEST] GET /api/users/all | status=304 duration=2ms ip=::1
[2026-04-29T01:55:32.067Z] [REQUEST] GET /api/users/audit-logs? | status=304 duration=57ms ip=::1
[2026-04-29T01:55:49.612Z] [REQUEST] POST /api/auth/login | status=200 duration=167ms ip=::1
[2026-04-29T01:55:49.866Z] [REQUEST] GET /uploads/1-1777427048243.jpg | status=304 duration=2ms ip=::1
[2026-04-29T01:55:53.224Z] [REQUEST] GET /api/users/all | status=304 duration=3ms ip=::1
[2026-04-29T01:55:53.229Z] [REQUEST] GET /api/users/audit-logs? | status=200 duration=4ms ip=::1
[2026-04-29T01:55:53.232Z] [REQUEST] GET /api/users/all | status=304 duration=2ms ip=::1
[2026-04-29T01:55:53.236Z] [REQUEST] GET /api/users/audit-logs? | status=304 duration=3ms ip=::1
[2026-04-29T02:05:46.820Z] [REQUEST] POST /api/auth/register | status=201 duration=163ms ip=::1
[2026-04-29T02:06:16.165Z] [REQUEST] POST /api/auth/login | status=200 duration=192ms ip=::1
[2026-04-29T02:11:50.298Z] [REQUEST] POST /api/auth/login | status=200 duration=160ms ip=::1
[2026-04-29T02:11:50.694Z] [REQUEST] GET /uploads/1-1777427048243.jpg | status=304 duration=1ms ip=::1
[2026-04-29T02:11:54.920Z] [REQUEST] GET /api/users/settings | status=304 duration=3ms ip=::1
[2026-04-29T02:11:54.923Z] [REQUEST] GET /api/users/settings | status=304 duration=2ms ip=::1
[2026-04-29T02:12:31.280Z] [REQUEST] GET /api/users/settings | status=304 duration=167ms ip=::1
[2026-04-29T02:12:31.283Z] [REQUEST] GET /api/users/settings | status=304 duration=1ms ip=::1
[2026-04-29T02:12:33.112Z] [REQUEST] PUT /api/users/settings | status=200 duration=8ms ip=::1
[2026-04-29T02:12:37.999Z] [REQUEST] GET /uploads/1-1777427048243.jpg | status=304 duration=1ms ip=::1
[2026-04-29T02:12:40.702Z] [REQUEST] GET /uploads/1-1777427048243.jpg | status=304 duration=2ms ip=::1
[2026-04-29T02:13:24.986Z] [WARN   ] POST /api/auth/register | status=409 duration=53ms ip=::1
[2026-04-29T02:13:40.657Z] [REQUEST] POST /api/auth/login | status=200 duration=159ms ip=::1
[2026-04-29T02:13:51.169Z] [REQUEST] GET /api/users/all | status=200 duration=83ms ip=::1
[2026-04-29T02:13:51.180Z] [REQUEST] GET /api/users/all | status=304 duration=1ms ip=::1
[2026-04-29T02:13:51.189Z] [REQUEST] GET /api/users/audit-logs? | status=200 duration=101ms ip=::1
[2026-04-29T02:13:51.196Z] [REQUEST] GET /api/users/audit-logs? | status=304 duration=2ms ip=::1
[2026-04-29T02:15:23.417Z] [REQUEST] POST /api/auth/register | status=201 duration=3282ms ip=::1
[2026-04-29T02:20:30.911Z] [SUCCESS] Server started | port=5000 env=development
[2026-04-29T02:20:31.987Z] [SUCCESS] Server started | port=5000 env=development
[2026-04-29T02:23:35.806Z] [SUCCESS] Server started | port=5000 env=development
[2026-04-29T02:24:25.418Z] [SUCCESS] Server started | port=5000 env=development
[2026-04-29T02:25:20.291Z] [SUCCESS] Server started | port=5000 env=development
[2026-04-29T02:26:39.884Z] [SUCCESS] Server started | port=5000 env=development
[2026-04-29T02:26:49.933Z] [SUCCESS] Server started | port=5000 env=development
[2026-04-29T02:26:55.145Z] [REQUEST] GET /api/users/all | status=200 duration=133ms ip=::1
[2026-04-29T02:26:55.150Z] [REQUEST] GET /api/users/audit-logs? | status=304 duration=109ms ip=::1
[2026-04-29T02:26:55.162Z] [REQUEST] GET /api/users/all | status=304 duration=2ms ip=::1
[2026-04-29T02:26:55.179Z] [REQUEST] GET /api/users/audit-logs? | status=304 duration=3ms ip=::1
[2026-04-29T02:27:00.075Z] [REQUEST] GET /api/users/audit-logs? | status=304 duration=3ms ip=::1
[2026-04-29T02:27:04.036Z] [REQUEST] GET /api/users/audit-logs? | status=304 duration=3ms ip=::1
[2026-04-29T02:27:56.620Z] [WARN   ] POST /api/auth/login | status=403 duration=261ms ip=::1
[2026-04-29T02:28:06.171Z] [REQUEST] POST /api/auth/resend-verification | status=200 duration=4067ms ip=::1
[2026-04-29T02:28:52.671Z] [WARN   ] 404 Not Found: GET /verify-email?token=7e00b4ffb1f796442668608b0683fda567bd52b31a1ceaf16352ee710f07a30c | ip=::1
[2026-04-29T02:28:52.674Z] [WARN   ] GET /verify-email?token=7e00b4ffb1f796442668608b0683fda567bd52b31a1ceaf16352ee710f07a30c | status=404 duration=3ms ip=::1
[2026-04-29T02:28:52.716Z] [WARN   ] 404 Not Found: GET /favicon.ico | ip=::1
[2026-04-29T02:28:52.718Z] [WARN   ] GET /favicon.ico | status=404 duration=2ms ip=::1
[2026-04-29T02:29:00.920Z] [WARN   ] GET /api/auth/verify-email?token=7e00b4ffb1f796442668608b0683fda567bd52b31a1ceaf16352ee710f07a30c | status=400 duration=57ms ip=::1
[2026-04-29T02:29:00.923Z] [WARN   ] GET /api/auth/verify-email?token=7e00b4ffb1f796442668608b0683fda567bd52b31a1ceaf16352ee710f07a30c | status=400 duration=2ms ip=::1
[2026-04-29T02:29:19.815Z] [REQUEST] GET /api/users/audit-logs? | status=304 duration=153ms ip=::1
[2026-04-29T02:31:36.468Z] [SUCCESS] Server started | port=5000 env=development
[2026-04-29T02:32:28.476Z] [REQUEST] POST /api/auth/login | status=200 duration=195ms ip=::1 body={"email":"rajvaibhavpetkar007@gmail.com","password":"******"}
[2026-04-29T02:32:39.222Z] [WARN   ] POST /api/auth/login | status=403 duration=156ms ip=::1
[2026-04-29T02:32:46.320Z] [REQUEST] GET /api/users/all | status=304 duration=7ms ip=::1
[2026-04-29T02:32:46.333Z] [REQUEST] GET /api/users/all | status=304 duration=2ms ip=::1
[2026-04-29T02:32:46.391Z] [REQUEST] GET /api/users/audit-logs? | status=200 duration=74ms ip=::1
[2026-04-29T02:32:46.400Z] [REQUEST] GET /api/users/audit-logs? | status=304 duration=3ms ip=::1
[2026-04-29T02:33:01.955Z] [WARN   ] POST /api/auth/login | status=403 duration=257ms ip=::1
[2026-04-29T02:33:08.406Z] [REQUEST] POST /api/auth/resend-verification | status=200 duration=2914ms ip=::1 body={"email":"metir29190@hacknapp.com"}
[2026-04-29T02:34:22.957Z] [SUCCESS] Server started | port=5000 frontend=http://localhost:3000 env=development
[2026-04-29T02:34:38.039Z] [SUCCESS] Server started | port=5000 frontend=http://localhost:3000 env=development
[2026-04-29T02:34:47.817Z] [REQUEST] POST /api/auth/resend-verification | status=200 duration=3461ms ip=::1 body={"email":"metir29190@hacknapp.com"}
[2026-04-29T02:35:20.147Z] [WARN   ] GET /api/auth/verify-email?token=7e00b4ffb1f796442668608b0683fda567bd52b31a1ceaf16352ee710f07a30c | status=400 duration=72ms ip=::1
[2026-04-29T02:35:20.150Z] [WARN   ] GET /api/auth/verify-email?token=7e00b4ffb1f796442668608b0683fda567bd52b31a1ceaf16352ee710f07a30c | status=400 duration=2ms ip=::1
[2026-04-29T02:36:17.740Z] [WARN   ] POST /api/auth/login | status=403 duration=264ms ip=::1
[2026-04-29T02:36:49.532Z] [REQUEST] POST /api/auth/resend-verification | status=200 duration=2970ms ip=::1 body={"email":"metir29190@hacknapp.com"}
[2026-04-29T02:37:29.838Z] [REQUEST] POST /api/auth/register | status=201 duration=2997ms ip=::1 body={"name":"xocirin232","email":"xocirin232@hacknapp.com","password":"******","role":"VIEWER"}
[2026-04-29T02:37:53.679Z] [REQUEST] GET /api/auth/verify-email?token=0ca1fa4314dac372cf2d2fe12ebd4ae33183eaea4f58814d123ade5e867c5b69 | status=200 duration=56ms ip=::1
[2026-04-29T02:37:53.683Z] [WARN   ] GET /api/auth/verify-email?token=0ca1fa4314dac372cf2d2fe12ebd4ae33183eaea4f58814d123ade5e867c5b69 | status=400 duration=2ms ip=::1
[2026-04-29T02:38:20.753Z] [WARN   ] GET /api/auth/verify-email?token=0ca1fa4314dac372cf2d2fe12ebd4ae33183eaea4f58814d123ade5e867c5b69 | status=400 duration=82ms ip=::1
[2026-04-29T02:38:56.867Z] [REQUEST] POST /api/auth/login | status=200 duration=266ms ip=::1 body={"email":"xocirin232@hacknapp.com","password":"******"}
[2026-04-29T02:39:28.449Z] [REQUEST] GET /api/users/audit-logs? | status=200 duration=58ms ip=::1
[2026-04-29T02:40:57.078Z] [REQUEST] GET /api/users/audit-logs? | status=304 duration=90ms ip=::1
[2026-04-29T02:40:57.143Z] [REQUEST] GET /api/users/all | status=200 duration=162ms ip=::1
[2026-04-29T02:40:57.401Z] [REQUEST] GET /api/users/all | status=304 duration=2ms ip=::1
[2026-04-29T02:40:57.402Z] [REQUEST] GET /api/users/audit-logs? | status=304 duration=2ms ip=::1
[2026-04-29T02:41:05.444Z] [REQUEST] GET /api/users/profile | status=200 duration=2ms ip=::1
[2026-04-29T02:41:05.452Z] [REQUEST] GET /api/users/profile | status=304 duration=2ms ip=::1
[2026-04-29T02:49:58.503Z] [SUCCESS] Server started | port=5000 frontend=http://localhost:3000 env=development
[2026-04-29T02:50:04.514Z] [REQUEST] POST /api/auth/login | status=200 duration=221ms ip=::1 body={"email":"vaibhavprakashpetkar@gmail.com","password":"******"}
[2026-04-29T02:50:05.517Z] [REQUEST] GET /uploads/1-1777427048243.jpg | status=200 duration=8ms ip=::1
[2026-04-29T02:50:08.334Z] [ERROR  ] GET /api/categories | status=500 duration=7ms ip=::1
[2026-04-29T02:50:08.496Z] [ERROR  ] GET /api/categories | status=500 duration=151ms ip=::1
[2026-04-29T02:50:09.452Z] [ERROR  ] GET /api/categories | status=500 duration=58ms ip=::1
[2026-04-29T02:50:09.469Z] [ERROR  ] Unhandled error on GET /api/products | message=column p.category_id does not exist stack=at E:\Project\e-com\backend\node_modules\pg-pool\index.js:45:11
[2026-04-29T02:50:09.476Z] [ERROR  ] GET /api/products | status=500 duration=81ms ip=::1
[2026-04-29T02:50:09.530Z] [ERROR  ] GET /api/categories | status=500 duration=69ms ip=::1
[2026-04-29T02:50:09.549Z] [ERROR  ] Unhandled error on GET /api/products | message=column p.category_id does not exist stack=at E:\Project\e-com\backend\node_modules\pg-pool\index.js:45:11
[2026-04-29T02:50:09.554Z] [ERROR  ] GET /api/products | status=500 duration=71ms ip=::1
[2026-04-29T02:50:11.523Z] [REQUEST] GET /api/users/settings | status=200 duration=155ms ip=::1
[2026-04-29T02:50:11.527Z] [REQUEST] GET /api/users/settings | status=304 duration=3ms ip=::1
[2026-04-29T02:50:25.985Z] [REQUEST] GET /api/users/settings | status=304 duration=53ms ip=::1
[2026-04-29T02:50:25.988Z] [REQUEST] GET /api/users/settings | status=304 duration=2ms ip=::1
